// Jest Snapshot v1, https://goo.gl/fbAQLP

exports[`Header renders correctly 1`] = `
<header
  className="sc-AxirZ gcDtfT"
>
  <a
    href="/"
  >
    <div>
      <svg>
        logo.svg
      </svg>
    </div>
  </a>
  <nav
    className="sc-AxiKw ePdCye"
  >
    <a
      className="sc-AxjAm eKgzTh"
      href="/search?subreddit=javascript"
    >
      Search
    </a>
    <a
      className="sc-AxjAm eKgzTh"
      href="#how-it-works"
    >
      How it works
    </a>
    <a
      className="sc-AxjAm eKgzTh"
      href="#about"
    >
      About
    </a>
  </nav>
</header>
`;
